146.0.77.95 - - [29/Dec/2014:19:21:28 +0100] "GET /wp-login.php HTTP/1.1" 404 - "-" "Mozilla/4.0"
79.151.14.2 - - [29/Dec/2014:19:23:12 +0100] "GET / HTTP/1.1" 200 11416 "http://www.google.es/url?sa=t&rct=j&q=&esrc=s&source=web&cd=1&ved=0CCEQFjAA&url=http%3A%2F%2Fwww.flysim-ng.com%2F&ei=DpyhVI7wA4v2UuzagaAL&usg=AFQjCNG2W0F6elLW5JmHnoaw1SrIvMITuA&sig2=Q29C88sB1VU7oVSAzK_qVQ&bvm=bv.82001339,d.d24" "Mozilla/5.0 (Windows NT 6.1; Trident/7.0; rv:11.0) like Gecko"
79.151.14.2 - - [29/Dec/2014:19:23:15 +0100] "GET /favicon.ico HTTP/1.1" 404 - "-" "Mozilla/5.0 (Windows NT 6.1; Trident/7.0; rv:11.0) like Gecko"
79.151.14.2 - - [29/Dec/2014:19:23:43 +0100] "GET /favicon.ico HTTP/1.1" 404 - "-" "Mozilla/5.0 (Windows NT 6.1; Trident/7.0; rv:11.0) like Gecko"
186.85.224.57 - - [29/Dec/2014:19:23:47 +0100] "GET /construccion HTTP/1.1" 404 - "https://www.google.com.co/" "Mozilla/5.0 (iPhone; CPU iPhone OS 8_1_2 like Mac OS X) AppleWebKit/600.1.4 (KHTML, like Gecko) Version/8.0 Mobile/12B440 Safari/600.1.4"
79.151.14.2 - - [29/Dec/2014:19:24:36 +0100] "GET /construccion/proyectos-realizados/b737-ng HTTP/1.1" 404 - "http://www.google.es/url?sa=t&rct=j&q=&esrc=s&source=web&cd=5&sqi=2&ved=0CCoQjBAwBA&url=http%3A%2F%2Fwww.flysim-ng.com%2Fconstruccion%2Fproyectos-realizados%2Fb737-ng&ei=TpyhVKzHI4q2UdXIgMgL&usg=AFQjCNHuaaWgX5bmQp9q53pbJxDH9Ju0bg&sig2=wsoRRd_OoZHZEcGoDka_XA&bvm=bv.82001339,d.d24" "Mozilla/5.0 (Windows NT 6.1; Trident/7.0; rv:11.0) like Gecko"
79.151.14.2 - - [29/Dec/2014:19:24:40 +0100] "GET /construccion/proyectos-realizados/b737-ng HTTP/1.1" 404 - "http://www.google.es/url?sa=t&rct=j&q=&esrc=s&source=web&cd=5&sqi=2&ved=0CCoQjBAwBA&url=http%3A%2F%2Fwww.flysim-ng.com%2Fconstruccion%2Fproyectos-realizados%2Fb737-ng&ei=TpyhVKzHI4q2UdXIgMgL&usg=AFQjCNHuaaWgX5bmQp9q53pbJxDH9Ju0bg&sig2=wsoRRd_OoZHZEcGoDka_XA&bvm=bv.82001339,d.d24" "Mozilla/5.0 (Windows NT 6.1; Trident/7.0; rv:11.0) like Gecko"
79.151.14.2 - - [29/Dec/2014:19:24:41 +0100] "GET /construccion/proyectos-realizados/b737-ng HTTP/1.1" 404 - "http://www.google.es/url?sa=t&rct=j&q=&esrc=s&source=web&cd=5&sqi=2&ved=0CCoQjBAwBA&url=http%3A%2F%2Fwww.flysim-ng.com%2Fconstruccion%2Fproyectos-realizados%2Fb737-ng&ei=TpyhVKzHI4q2UdXIgMgL&usg=AFQjCNHuaaWgX5bmQp9q53pbJxDH9Ju0bg&sig2=wsoRRd_OoZHZEcGoDka_XA&bvm=bv.82001339,d.d24" "Mozilla/5.0 (Windows NT 6.1; Trident/7.0; rv:11.0) like Gecko"
212.227.114.116 - - [29/Dec/2014:19:24:41 +0100] "POST /wp-cron.php?doing_wp_cron=1419877481.3998520374298095703125 HTTP/1.0" 404 - "-" "WordPress/3.5.1; http://www.flysim-ng.com"
79.151.14.2 - - [29/Dec/2014:19:24:42 +0100] "GET /construccion/proyectos-realizados/b737-ng HTTP/1.1" 404 - "http://www.google.es/url?sa=t&rct=j&q=&esrc=s&source=web&cd=5&sqi=2&ved=0CCoQjBAwBA&url=http%3A%2F%2Fwww.flysim-ng.com%2Fconstruccion%2Fproyectos-realizados%2Fb737-ng&ei=TpyhVKzHI4q2UdXIgMgL&usg=AFQjCNHuaaWgX5bmQp9q53pbJxDH9Ju0bg&sig2=wsoRRd_OoZHZEcGoDka_XA&bvm=bv.82001339,d.d24" "Mozilla/5.0 (Windows NT 6.1; Trident/7.0; rv:11.0) like Gecko"
79.151.14.2 - - [29/Dec/2014:19:24:42 +0100] "GET /construccion/proyectos-realizados/b737-ng HTTP/1.1" 404 - "http://www.google.es/url?sa=t&rct=j&q=&esrc=s&source=web&cd=5&sqi=2&ved=0CCoQjBAwBA&url=http%3A%2F%2Fwww.flysim-ng.com%2Fconstruccion%2Fproyectos-realizados%2Fb737-ng&ei=TpyhVKzHI4q2UdXIgMgL&usg=AFQjCNHuaaWgX5bmQp9q53pbJxDH9Ju0bg&sig2=wsoRRd_OoZHZEcGoDka_XA&bvm=bv.82001339,d.d24" "Mozilla/5.0 (Windows NT 6.1; Trident/7.0; rv:11.0) like Gecko"
79.151.14.2 - - [29/Dec/2014:19:24:43 +0100] "GET /construccion/proyectos-realizados/b737-ng HTTP/1.1" 404 - "http://www.google.es/url?sa=t&rct=j&q=&esrc=s&source=web&cd=5&sqi=2&ved=0CCoQjBAwBA&url=http%3A%2F%2Fwww.flysim-ng.com%2Fconstruccion%2Fproyectos-realizados%2Fb737-ng&ei=TpyhVKzHI4q2UdXIgMgL&usg=AFQjCNHuaaWgX5bmQp9q53pbJxDH9Ju0bg&sig2=wsoRRd_OoZHZEcGoDka_XA&bvm=bv.82001339,d.d24" "Mozilla/5.0 (Windows NT 6.1; Trident/7.0; rv:11.0) like Gecko"
212.227.114.116 - - [29/Dec/2014:19:28:34 +0100] "POST /wp-cron.php?doing_wp_cron=1419877714.3491160869598388671875 HTTP/1.0" 404 - "-" "WordPress/3.5.1; http://www.flysim-ng.com"
79.151.14.2 - - [29/Dec/2014:19:28:42 +0100] "GET /tarifas-2 HTTP/1.1" 404 - "http://www.google.es/url?sa=t&rct=j&q=&esrc=s&source=web&cd=4&ved=0CDAQjBAwAw&url=http%3A%2F%2Fwww.flysim-ng.com%2Ftarifas-2&ei=qpyhVKPTCYL8UrGWhJAH&usg=AFQjCNGxgAECWq8jOWbgJw6GuKXlBMXHFQ&sig2=OOdI5jRFDSWaFFX-XjlWWg&bvm=bv.82001339,d.d24" "Mozilla/5.0 (Windows NT 6.1; Trident/7.0; rv:11.0) like Gecko"
79.151.14.2 - - [29/Dec/2014:19:28:45 +0100] "GET /tarifas-2 HTTP/1.1" 404 - "http://www.google.es/url?sa=t&rct=j&q=&esrc=s&source=web&cd=4&ved=0CDAQjBAwAw&url=http%3A%2F%2Fwww.flysim-ng.com%2Ftarifas-2&ei=qpyhVKPTCYL8UrGWhJAH&usg=AFQjCNGxgAECWq8jOWbgJw6GuKXlBMXHFQ&sig2=OOdI5jRFDSWaFFX-XjlWWg&bvm=bv.82001339,d.d24" "Mozilla/5.0 (Windows NT 6.1; Trident/7.0; rv:11.0) like Gecko"
79.151.14.2 - - [29/Dec/2014:19:28:46 +0100] "GET /tarifas-2 HTTP/1.1" 404 - "http://www.google.es/url?sa=t&rct=j&q=&esrc=s&source=web&cd=4&ved=0CDAQjBAwAw&url=http%3A%2F%2Fwww.flysim-ng.com%2Ftarifas-2&ei=qpyhVKPTCYL8UrGWhJAH&usg=AFQjCNGxgAECWq8jOWbgJw6GuKXlBMXHFQ&sig2=OOdI5jRFDSWaFFX-XjlWWg&bvm=bv.82001339,d.d24" "Mozilla/5.0 (Windows NT 6.1; Trident/7.0; rv:11.0) like Gecko"
212.227.114.116 - - [29/Dec/2014:19:34:29 +0100] "POST /wp-cron.php?doing_wp_cron=1419878068.8510758876800537109375 HTTP/1.0" 404 - "-" "WordPress/3.5.1; http://www.flysim-ng.com"
212.227.114.116 - - [29/Dec/2014:19:40:23 +0100] "POST /wp-cron.php?doing_wp_cron=1419878423.7420139312744140625000 HTTP/1.0" 404 - "-" "WordPress/3.5.1; http://www.flysim-ng.com"
212.227.114.116 - - [29/Dec/2014:19:46:35 +0100] "POST /wp-cron.php?doing_wp_cron=1419878795.4876220226287841796875 HTTP/1.0" 404 - "-" "WordPress/3.5.1; http://www.flysim-ng.com"
79.151.14.2 - - [29/Dec/2014:19:51:46 +0100] "GET / HTTP/1.1" 200 11416 "http://www.google.es/url?sa=t&rct=j&q=&esrc=s&source=web&cd=1&sqi=2&ved=0CCEQFjAA&url=http%3A%2F%2Fwww.flysim-ng.com%2F&ei=v6KhVKbzG4SuU6LqgLgN&usg=AFQjCNG2W0F6elLW5JmHnoaw1SrIvMITuA&sig2=nV8hScfMM_mPk_TmGRkTfg&bvm=bv.82001339,d.d24" "Mozilla/5.0 (Windows NT 6.3; WOW64; Trident/7.0; MASEJS; rv:11.0) like Gecko"
212.227.114.116 - - [29/Dec/2014:19:52:44 +0100] "POST /wp-cron.php?doing_wp_cron=1419879164.3029699325561523437500 HTTP/1.0" 404 - "-" "WordPress/3.5.1; http://www.flysim-ng.com"
212.227.114.116 - - [29/Dec/2014:19:58:40 +0100] "POST /wp-cron.php?doing_wp_cron=1419879520.0292489528656005859375 HTTP/1.0" 404 - "-" "WordPress/3.5.1; http://www.flysim-ng.com"
66.249.67.58 - - [29/Dec/2014:20:03:32 +0100] "GET /componentes-simuladores HTTP/1.1" 404 - "-" "Mozilla/5.0 (compatible; Googlebot/2.1; +http://www.google.com/bot.html)"
212.227.114.116 - - [29/Dec/2014:20:04:24 +0100] "POST /wp-cron.php?doing_wp_cron=1419879864.5668880939483642578125 HTTP/1.0" 404 - "-" "WordPress/3.5.1; http://www.flysim-ng.com"
66.249.67.58 - - [29/Dec/2014:20:04:51 +0100] "GET /construccion/proyectos-realizados/cessna-172-182-g1000 HTTP/1.1" 404 - "-" "Mozilla/5.0 (compatible; Googlebot/2.1; +http://www.google.com/bot.html)"
212.227.114.116 - - [29/Dec/2014:20:10:46 +0100] "POST /wp-cron.php?doing_wp_cron=1419880245.9771239757537841796875 HTTP/1.0" 404 - "-" "WordPress/3.5.1; http://www.flysim-ng.com"
146.0.73.15 - - [29/Dec/2014:20:11:11 +0100] "GET /wp-login.php HTTP/1.1" 404 - "-" "Mozilla/4.0"
37.11.32.90 - - [29/Dec/2014:20:12:46 +0100] "GET / HTTP/1.1" 200 11416 "https://www.google.es/" "Mozilla/5.0 (Windows NT 6.1; WOW64) AppleWebKit/537.36 (KHTML, like Gecko) Chrome/39.0.2171.95 Safari/537.36"
37.11.32.90 - - [29/Dec/2014:20:12:48 +0100] "GET /favicon.ico HTTP/1.1" 404 - "-" "Mozilla/5.0 (Windows NT 6.1; WOW64) AppleWebKit/537.36 (KHTML, like Gecko) Chrome/39.0.2171.95 Safari/537.36"
212.227.114.116 - - [29/Dec/2014:20:17:04 +0100] "POST /wp-cron.php?doing_wp_cron=1419880624.8410460948944091796875 HTTP/1.0" 404 - "-" "WordPress/3.5.1; http://www.flysim-ng.com"
91.240.163.37 - - [29/Dec/2014:20:18:32 +0100] "GET / HTTP/1.1" 406 108 "-" "Mozilla/5.0 (Macintosh; Intel Mac OS X 10_9_2) AppleWebKit/537.36 (KHTML, like Gecko) Chrome/36.0.1944.0 Safari/537.36"
212.227.114.116 - - [29/Dec/2014:20:22:52 +0100] "POST /wp-cron.php?doing_wp_cron=1419880972.3442199230194091796875 HTTP/1.0" 404 - "-" "WordPress/3.5.1; http://www.flysim-ng.com"
